#! /bin/sh
# Copyright (C) 2002, 2003, 2010, 2011 Free Software Foundation, Inc.
#
# This program is free software; you can redistribute it and/or modify
# it under the terms of the GNU General Public License as published by
# the Free Software Foundation; either version 2, or (at your option)
# any later version.
#
# This program is distributed in the hope that it will be useful,
# but WITHOUT ANY WARRANTY; without even the implied warranty of
# MERCHANTABILITY or FITNESS FOR A PARTICULAR PURPOSE.  See the
# GNU General Public License for more details.
#
# You should have received a copy of the GNU General Public License
# along with this program.  If not, see <http://www.gnu.org/licenses/>.

# Check that Automake can take advantage of GNU make ability to
# automatically chain suffix rules.
# See automake bug#7824 and bug#7670.

required=cc
. ./defs || Exit 1

plan_ 8

cat >> configure.in <<'END'
AC_PROG_CC
AC_OUTPUT
END

cat > Makefile.am <<'END'
bin_PROGRAMS = foo
foo_SOURCES = foo.c1
.c1.c0:
	(echo 'int main (void)' && echo '{' && cat $<) > $@
.c0.c:
	(cat $< && echo '}') > $@
CLEANFILES = foo.c0 foo.c
END

echo 'return 0;' > foo.c1

command_ok_ "aclocal"        $ACLOCAL
command_ok_ "automake"       $AUTOMAKE
command_ok_ "autoconf"       $AUTOCONF
command_ok_ "configure"      ./configure
command_ok_ "make all"       $MAKE all
command_ok_ "make distcheck" $MAKE distcheck
command_ok_ "clean"          $MAKE clean

# Sanity check.
cat >> Makefile <<'END'
foo.c: foo.c0
foo.c0: foo.c1
END
command_ok_ "make with explicit dependencies" $MAKE

:
